// Jest Snapshot v1, https://goo.gl/fbAQLP

exports[`Snapshot testing for App component for logged in user as well as logout use. renders App component for LoggedIn User. 1`] = `
Object {
  "$$typeof": Symbol(react.memo),
  "WrappedComponent": [Function],
  "compare": null,
  "type": [Function],
}
`;
